frontend/src/app/(main)/dashboard/interviews/[id]/room/page.tsx(97,12): error TS2451: Cannot redeclare block-scoped variable 'currentQuestionIndex'.
frontend/src/app/(main)/dashboard/interviews/[id]/room/page.tsx(101,12): error TS2451: Cannot redeclare block-scoped variable 'transcript'.
frontend/src/app/(main)/dashboard/interviews/[id]/room/page.tsx(173,9): error TS2451: Cannot redeclare block-scoped variable 'currentQuestionIndex'.
frontend/src/app/(main)/dashboard/interviews/[id]/room/page.tsx(177,9): error TS2451: Cannot redeclare block-scoped variable 'transcript'.
frontend/src/app/(main)/dashboard/interviews/[id]/room/page.tsx(183,9): error TS2304: Cannot find name 'useInterviewFlow'.
frontend/src/app/(main)/dashboard/interviews/[id]/room/page.tsx(715,43): error TS2304: Cannot find name 'videoBlob'.
frontend/src/app/(main)/dashboard/interviews/[id]/room/page.tsx(717,42): error TS2552: Cannot find name 'startRecording'. Did you mean 'isRecording'?
frontend/src/app/(main)/dashboard/interviews/[id]/room/page.tsx(726,42): error TS2552: Cannot find name 'stopRecording'. Did you mean 'isRecording'?
frontend/src/app/(main)/dashboard/interviews/[id]/room/page.tsx(733,26): error TS2304: Cannot find name 'videoBlob'.
frontend/src/app/(main)/dashboard/interviews/[id]/room/page.tsx(735,42): error TS2304: Cannot find name 'submitVideoAnswer'.
